
> react-vite-tailwind@0.0.0 build
> next build

  Γû▓ Next.js 14.2.35

   Creating an optimized production build ...
node.exe : Failed to compile.
At C:\Program Files\nodejs\npm.ps1:29 char:3
+   & $NODE_EXE $NPM_CLI_JS $args
+   ~~~~~~~~~~~~~~~~~~~~~~~~~~~~~
    + CategoryInfo          : NotSpecified: (Failed to compile.:String) [], RemoteException
    + FullyQualifiedErrorId : NativeCommandError
 

./src/app/globals.css.webpack[javascript/auto]!=!./node_modules/next/dist/build/webpack/loaders/css-loader/src/index.js
??ruleSet[1].rules[14].oneOf[12].use[2]!./node_modules/next/dist/build/webpack/loaders/postcss-loader/src/index.js??rul
eSet[1].rules[14].oneOf[12].use[3]!./src/app/globals.css
Error: It looks like you're trying to use `tailwindcss` directly as a PostCSS plugin. The PostCSS plugin has moved to 
a separate package, so to continue using Tailwind CSS with PostCSS you'll need to install `@tailwindcss/postcss` and 
update your PostCSS configuration.
    at ft (D:\Live Projects ON Github\clinic-management-system-build\node_modules\tailwindcss\dist\lib.js:38:1643)
    at LazyResult.runOnRoot (D:\Live Projects ON 
Github\clinic-management-system-build\node_modules\next\node_modules\postcss\lib\lazy-result.js:329:16)
    at LazyResult.runAsync (D:\Live Projects ON 
Github\clinic-management-system-build\node_modules\next\node_modules\postcss\lib\lazy-result.js:258:26)
    at LazyResult.async (D:\Live Projects ON 
Github\clinic-management-system-build\node_modules\next\node_modules\postcss\lib\lazy-result.js:160:30)
    at LazyResult.then (D:\Live Projects ON 
Github\clinic-management-system-build\node_modules\next\node_modules\postcss\lib\lazy-result.js:404:17)

Import trace for requested module:
./src/app/globals.css.webpack[javascript/auto]!=!./node_modules/next/dist/build/webpack/loaders/css-loader/src/index.js
??ruleSet[1].rules[14].oneOf[12].use[2]!./node_modules/next/dist/build/webpack/loaders/postcss-loader/src/index.js??rul
eSet[1].rules[14].oneOf[12].use[3]!./src/app/globals.css
./src/app/globals.css

./src/app/globals.css
Error: It looks like you're trying to use `tailwindcss` directly as a PostCSS plugin. The PostCSS plugin has moved to 
a separate package, so to continue using Tailwind CSS with PostCSS you'll need to install `@tailwindcss/postcss` and 
update your PostCSS configuration.
    at ft (D:\Live Projects ON Github\clinic-management-system-build\node_modules\tailwindcss\dist\lib.js:38:1643)
    at LazyResult.runOnRoot (D:\Live Projects ON 
Github\clinic-management-system-build\node_modules\next\node_modules\postcss\lib\lazy-result.js:329:16)
    at LazyResult.runAsync (D:\Live Projects ON 
Github\clinic-management-system-build\node_modules\next\node_modules\postcss\lib\lazy-result.js:258:26)
    at LazyResult.async (D:\Live Projects ON 
Github\clinic-management-system-build\node_modules\next\node_modules\postcss\lib\lazy-result.js:160:30)
    at LazyResult.then (D:\Live Projects ON 
Github\clinic-management-system-build\node_modules\next\node_modules\postcss\lib\lazy-result.js:404:17)
    at tryRunOrWebpackError (D:\Live Projects ON 
Github\clinic-management-system-build\node_modules\next\dist\compiled\webpack\bundle5.js:28:312989)
    at __webpack_require_module__ (D:\Live Projects ON 
Github\clinic-management-system-build\node_modules\next\dist\compiled\webpack\bundle5.js:28:131165)
    at __nested_webpack_require_153728__ (D:\Live Projects ON 
Github\clinic-management-system-build\node_modules\next\dist\compiled\webpack\bundle5.js:28:130607)
    at D:\Live Projects ON 
Github\clinic-management-system-build\node_modules\next\dist\compiled\webpack\bundle5.js:28:131454
    at symbolIterator (D:\Live Projects ON 
Github\clinic-management-system-build\node_modules\next\dist\compiled\neo-async\async.js:1:14444)
    at done (D:\Live Projects ON 
Github\clinic-management-system-build\node_modules\next\dist\compiled\neo-async\async.js:1:14824)
    at Hook.eval [as callAsync] (eval at create (D:\Live Projects ON 
Github\clinic-management-system-build\node_modules\next\dist\compiled\webpack\bundle5.js:13:28858), <anonymous>:15:1)
    at Hook.CALL_ASYNC_DELEGATE [as _callAsync] (D:\Live Projects ON 
Github\clinic-management-system-build\node_modules\next\dist\compiled\webpack\bundle5.js:13:26012)
    at D:\Live Projects ON 
Github\clinic-management-system-build\node_modules\next\dist\compiled\webpack\bundle5.js:28:130328
    at symbolIterator (D:\Live Projects ON 
Github\clinic-management-system-build\node_modules\next\dist\compiled\neo-async\async.js:1:14402)
-- inner error --
Error: It looks like you're trying to use `tailwindcss` directly as a PostCSS plugin. The PostCSS plugin has moved to 
a separate package, so to continue using Tailwind CSS with PostCSS you'll need to install `@tailwindcss/postcss` and 
update your PostCSS configuration.
    at ft (D:\Live Projects ON Github\clinic-management-system-build\node_modules\tailwindcss\dist\lib.js:38:1643)
    at LazyResult.runOnRoot (D:\Live Projects ON 
Github\clinic-management-system-build\node_modules\next\node_modules\postcss\lib\lazy-result.js:329:16)
    at LazyResult.runAsync (D:\Live Projects ON 
Github\clinic-management-system-build\node_modules\next\node_modules\postcss\lib\lazy-result.js:258:26)
    at LazyResult.async (D:\Live Projects ON 
Github\clinic-management-system-build\node_modules\next\node_modules\postcss\lib\lazy-result.js:160:30)
    at LazyResult.then (D:\Live Projects ON 
Github\clinic-management-system-build\node_modules\next\node_modules\postcss\lib\lazy-result.js:404:17)
    at Object.<anonymous> (D:\Live Projects ON Github\clinic-management-system-build\node_modules\next\dist\build\webpa
ck\loaders\css-loader\src\index.js??ruleSet[1].rules[14].oneOf[12].use[2]!D:\Live Projects ON Github\clinic-management-
system-build\node_modules\next\dist\build\webpack\loaders\postcss-loader\src\index.js??ruleSet[1].rules[14].oneOf[12].u
se[3]!D:\Live Projects ON Github\clinic-management-system-build\src\app\globals.css:1:7)
    at D:\Live Projects ON 
Github\clinic-management-system-build\node_modules\next\dist\compiled\webpack\bundle5.js:28:922493
    at Hook.eval [as call] (eval at create (D:\Live Projects ON 
Github\clinic-management-system-build\node_modules\next\dist\compiled\webpack\bundle5.js:13:28636), <anonymous>:7:1)
    at Hook.CALL_DELEGATE [as _call] (D:\Live Projects ON 
Github\clinic-management-system-build\node_modules\next\dist\compiled\webpack\bundle5.js:13:25906)
    at D:\Live Projects ON 
Github\clinic-management-system-build\node_modules\next\dist\compiled\webpack\bundle5.js:28:131198
    at tryRunOrWebpackError (D:\Live Projects ON 
Github\clinic-management-system-build\node_modules\next\dist\compiled\webpack\bundle5.js:28:312943)
    at __webpack_require_module__ (D:\Live Projects ON 
Github\clinic-management-system-build\node_modules\next\dist\compiled\webpack\bundle5.js:28:131165)
    at __nested_webpack_require_153728__ (D:\Live Projects ON 
Github\clinic-management-system-build\node_modules\next\dist\compiled\webpack\bundle5.js:28:130607)
    at D:\Live Projects ON 
Github\clinic-management-system-build\node_modules\next\dist\compiled\webpack\bundle5.js:28:131454
    at symbolIterator (D:\Live Projects ON 
Github\clinic-management-system-build\node_modules\next\dist\compiled\neo-async\async.js:1:14444)

Generated code for D:\Live Projects ON Github\clinic-management-system-build\node_modules\next\dist\build\webpack\loade
rs\css-loader\src\index.js??ruleSet[1].rules[14].oneOf[12].use[2]!D:\Live Projects ON Github\clinic-management-system-b
uild\node_modules\next\dist\build\webpack\loaders\postcss-loader\src\index.js??ruleSet[1].rules[14].oneOf[12].use[3]!D:
\Live Projects ON Github\clinic-management-system-build\src\app\globals.css

Import trace for requested module:
./src/app/globals.css


> Build failed because of webpack errors
